[debug] [2026-10-08T12:43:28.307Z] ----------------------------------------------------------------------
[debug] [2026-10-08T12:43:28.311Z] Command:       /usr/local/bin/node /usr/local/bin/firebase deploy --only hosting --project ravanatec
[debug] [2026-10-08T12:43:28.312Z] CLI Version:   15.29.0
[debug] [2026-10-08T12:43:28.312Z] Platform:      linux
[debug] [2026-10-08T12:43:28.312Z] Node Version:  v22.23.2
[debug] [2026-10-08T12:43:28.312Z] Detected Agent: unknown
[debug] [2026-10-08T12:43:28.312Z] Time:          Thu Oct 08 2026 12:43:28 GMT+0000 (Coordinated Universal Time)
[debug] [2026-10-08T12:43:28.313Z] ----------------------------------------------------------------------
[debug] 
[debug] [2026-10-08T12:43:31.319Z] > command requires scopes: ["email","openid","https://www.googleapis.com/auth/cloudplatformprojects.readonly","https://www.googleapis.com/auth/firebase","https://www.googleapis.com/auth/cloud-platform"]
[debug] [2026-10-08T12:43:31.354Z] Running auto auth
[debug] [2026-10-08T12:43:31.358Z] [iam] checking project ravanatec for permissions ["firebase.projects.get","firebasehosting.sites.update"]
[debug] [2026-10-08T12:43:31.385Z] No OAuth tokens found
[debug] [2026-10-08T12:43:31.386Z] >>> [apiv2][query] POST https://cloudresourcemanager.googleapis.com/v1/projects/ravanatec:testIamPermissions [none]
[debug] [2026-10-08T12:43:31.386Z] >>> [apiv2][(partial)header] POST https://cloudresourcemanager.googleapis.com/v1/projects/ravanatec:testIamPermissions  x-goog-user-project=ravanatec
[debug] [2026-10-08T12:43:31.386Z] >>> [apiv2][body] POST https://cloudresourcemanager.googleapis.com/v1/projects/ravanatec:testIamPermissions {"permissions":["firebase.projects.get","firebasehosting.sites.update"]}
[debug] [2026-10-08T12:43:32.559Z] <<< [apiv2][status] POST https://cloudresourcemanager.googleapis.com/v1/projects/ravanatec:testIamPermissions 403
[debug] [2026-10-08T12:43:32.559Z] <<< [apiv2][body] POST https://cloudresourcemanager.googleapis.com/v1/projects/ravanatec:testIamPermissions {"error":{"code":403,"message":"Caller does not have required permission to use project ravanatec. Grant the caller the roles/serviceusage.serviceUsageConsumer role, or a custom role with the serviceusage.services.use permission, by visiting https://console.developers.google.com/iam-admin/iam?project=ravanatec and then retry. Propagation of the new permission may take a few minutes.","status":"PERMISSION_DENIED","details":[{"@type":"type.googleapis.com/google.rpc.ErrorInfo","reason":"USER_PROJECT_DENIED","domain":"googleapis.com","metadata":{"consoleUrl":"https://console.developers.google.com/iam-admin/iam?project=ravanatec","service":"cloudresourcemanager.googleapis.com","containerInfo":"ravanatec","consumer":"projects/ravanatec"}},{"@type":"type.googleapis.com/google.rpc.LocalizedMessage","locale":"en-US","message":"Caller does not have required permission to use project ravanatec. Grant the caller the roles/serviceusage.serviceUsageConsumer role, or a custom role with the serviceusage.services.use permission, by visiting https://console.developers.google.com/iam-admin/iam?project=ravanatec and then retry. Propagation of the new permission may take a few minutes."},{"@type":"type.googleapis.com/google.rpc.Help","links":[{"description":"Google developer console IAM admin","url":"https://console.developers.google.com/iam-admin/iam?project=ravanatec"}]}]}}
[debug] [2026-10-08T12:43:32.561Z] [iam] error while checking permissions, command may fail: Request to https://cloudresourcemanager.googleapis.com/v1/projects/ravanatec:testIamPermissions had HTTP Error: 403, Caller does not have required permission to use project ravanatec. Grant the caller the roles/serviceusage.serviceUsageConsumer role, or a custom role with the serviceusage.services.use permission, by visiting https://console.developers.google.com/iam-admin/iam?project=ravanatec and then retry. Propagation of the new permission may take a few minutes.
[debug] [2026-10-08T12:43:32.562Z] No OAuth tokens found
[debug] [2026-10-08T12:43:32.562Z] >>> [apiv2][query] GET https://firebase.googleapis.com/v1beta1/projects/ravanatec [none]
[debug] [2026-10-08T12:43:32.604Z] <<< [apiv2][status] GET https://firebase.googleapis.com/v1beta1/projects/ravanatec 403
[debug] [2026-10-08T12:43:32.604Z] <<< [apiv2][body] GET https://firebase.googleapis.com/v1beta1/projects/ravanatec {"error":{"code":403,"message":"Firebase Management API has not been used in project 592990845380 before or it is disabled. Enable it by visiting https://console.developers.google.com/apis/api/firebase.googleapis.com/overview?project=592990845380 then retry. If you enabled this API recently, wait a few minutes for the action to propagate to our systems and retry.","status":"PERMISSION_DENIED","details":[{"@type":"type.googleapis.com/google.rpc.ErrorInfo","reason":"SERVICE_DISABLED","domain":"googleapis.com","metadata":{"serviceTitle":"Firebase Management API","consumer":"projects/592990845380","containerInfo":"592990845380","service":"firebase.googleapis.com","activationUrl":"https://console.developers.google.com/apis/api/firebase.googleapis.com/overview?project=592990845380"}},{"@type":"type.googleapis.com/google.rpc.LocalizedMessage","locale":"en-US","message":"Firebase Management API has not been used in project 592990845380 before or it is disabled. Enable it by visiting https://console.developers.google.com/apis/api/firebase.googleapis.com/overview?project=592990845380 then retry. If you enabled this API recently, wait a few minutes for the action to propagate to our systems and retry."},{"@type":"type.googleapis.com/google.rpc.Help","links":[{"description":"Google developers console API activation","url":"https://console.developers.google.com/apis/api/firebase.googleapis.com/overview?project=592990845380"}]}]}}
[debug] [2026-10-08T12:43:32.605Z] Request to https://firebase.googleapis.com/v1beta1/projects/ravanatec had HTTP Error: 403, Firebase Management API has not been used in project 592990845380 before or it is disabled. Enable it by visiting https://console.developers.google.com/apis/api/firebase.googleapis.com/overview?project=592990845380 then retry. If you enabled this API recently, wait a few minutes for the action to propagate to our systems and retry.
[debug] [2026-10-08T12:43:32.606Z] FirebaseError: Request to https://firebase.googleapis.com/v1beta1/projects/ravanatec had HTTP Error: 403, Firebase Management API has not been used in project 592990845380 before or it is disabled. Enable it by visiting https://console.developers.google.com/apis/api/firebase.googleapis.com/overview?project=592990845380 then retry. If you enabled this API recently, wait a few minutes for the action to propagate to our systems and retry.
    at responseToError (/usr/local/lib/node_modules/firebase-tools/lib/responseToError.js:53:12)
    at RetryOperation._fn (/usr/local/lib/node_modules/firebase-tools/lib/apiv2.js:415:77)
    at process.processTicksAndRejections (node:internal/process/task_queues:103:5)
[error] 
[error] Error: Failed to get Firebase project ravanatec. Please make sure the project exists and your account has permission to access it.
